{"level":"INFO","ts":"2020-05-24T17:08:53.059+0800","caller":"webapp/main.go:26","msg":"init logger success"}
{"level":"INFO","ts":"2020-05-24T17:08:53.072+0800","caller":"webapp/main.go:36","msg":"init mysql success"}
{"level":"INFO","ts":"2020-05-24T17:08:53.073+0800","caller":"webapp/main.go:42","msg":"init redis success"}
